// Jest Snapshot v1, https://goo.gl/fbAQLP

exports[`Pruebas en <PrimeraApp> debe demostrar <PrimeraApp/> correctamente 1`] = `
<Fragment>
  <h1>
    Hola, soy goku
  </h1>
  <h2>
    Soy un subtitulo
  </h2>
</Fragment>
`;
